Operator(<<)
StringStart(")
String
StringEnd(")
;
HereDoc(   Hello!\n)
HereDocEnd
Builtin(print)
Operator(<<)
Name(OUT)
;
HereDoc(    OUT\n    some OUT\n)
HereDocEnd(OUT)
Builtin(print)
Operator(<<)
Name(EOL)
;
HereDoc(    XHello World!\n    Y qw {\n)
HereDocEnd(EOL)
Builtin(print)
Operator(<<)
StringStart(")
String(    OUT)
StringEnd(")
Unless
ArrayVariable(@_)
LSquareBracket
NumericLiteral(0)
RSquareBracket
;
HereDoc(    Hello. Output\n)
HereDocEnd(    OUT)
Builtin(print)
Operator(<<)
Operator(~)
Name(Hello)
;
HereDoc(Hello world!\n)
HereDocEnd(Hello)
Builtin(print)
Operator(<<)
StringStart(`)
String(EOL)
StringEnd(`)
;
HereDoc(    XHello World!\n    Y qw {\n)
HereDocEnd(EOL)
EndOfInput
