NumericLiteral(2.3)
;
NumericLiteral(34)
;
NumericLiteral(0xfe34e)
;
NumericLiteral(23e34)
;
NumericLiteral(-23e56)
;
NumericLiteral(23e-34)
;
NumericLiteral(-34e-43)
;
NumericLiteral(0b101001)
;
NumericLiteral(34.03)
;
NumericLiteral(34_34_34)
;
NumericLiteral(34_34_34e34_34)
;
NumericLiteral(34.34_23_10)
;
VersionLiteral(v54.32)
;
VersionLiteral(34.34.3)
;
VersionLiteral(v4.5)
;
Name(_45)
;
EndOfInput
