ScalarVariable($x)
Operator(->)
HashDerefStart({)
HashKey(hello)
HashDerefEnd(})
HashDerefStart({)
HashKey(world)
HashDerefEnd(})
;
LBracket
Name(hello)
RBracket
;
ScalarVariable($y)
Operator(->)
HashDerefStart({)
HashKey(world)
HashDerefEnd(})
HashDerefStart({)
StringStart(")
String(test)
StringEnd(")
HashDerefEnd
;
ScalarVariable($x)
Operator(->)
HashDerefStart({)
StringStart(")
String(hello)
StringEnd(")
HashDerefEnd
HashDerefStart({)
StringStart(")
String(world)
StringEnd(")
HashDerefEnd
;
ScalarVariable($x)
Operator(->)
HashDerefStart({)
ScalarVariable($code)
HashDerefEnd
;
ScalarVariable($x)
Operator(->)
HashDerefStart({)
ScalarVariable($code)
HashDerefEnd
;
ScalarVariable($x)
Operator(->)
HashDerefStart({)
ScalarVariable($main::test::'a)
HashDerefEnd
;
EndOfInput
