Comment(#!/usr/bin/perl)
Use
Name(feature)
String("say")
Semicolon
Name(say)
QuoteIdent(qq)
StringStart(H)
String(\Hello World!)
StringEnd(H)
Semicolon
Name(say)
QuoteIdent(qw)
StringStart(@)
String(Hello \@ World)
StringEnd(@)
Semicolon
Name(say)
QuoteIdent(q)
StringStart({)
String(Hello!)
StringEnd(})
Semicolon
Name(say)
QuoteIdent(qr)
StringStart(")
String(Hello)
StringEnd(")
Semicolon
Name(say)
QuoteIdent(qr)
StringStart({)
String(Hi!)
StringEnd(})
Semicolon
Name(say)
QuoteIdent(qr)
StringStart(()
String(Helllo)
StringEnd())
Semicolon
QuoteIdent(tr)
StringStart(T)
String(l)
StringEnd(T)
String(x)
StringEnd(T)
Semicolon
Name(say)
QuoteIdent(qq)
StringStart({)
String(Hello {World} \{)
StringEnd(})
Semicolon
QuoteIdent(s)
StringStart(/)
String(Hello)
StringEnd(/)
String(World)
StringEnd(/)
Semicolon
QuoteIdent(s)
StringStart(W)
String(THing)
StringEnd(W)
String(Are)
StringEnd(W)
Semicolon
QuoteIdent(s)
StringStart({)
String(Hello)
StringEnd(})
StringStart({)
String(Wor{}sld)
StringEnd(})
StringModifiers(i)
Semicolon
ScalarVariable($subject)
Operator(=~)
QuoteIdent(s)
StringStart({)
String(A)
StringEnd(})
StringStart({)
String(B)
StringEnd(})
StringModifiers(gi)
Semicolon
ScalarVariable($event)
Operator(=~)
QuoteIdent(s)
StringStart({)
String(C)
StringEnd(})
StringStart({)
String(D)
StringEnd(})
StringModifiers(gi)
Semicolon
QuoteIdent(q)
StringStart({)
String(Hello)
StringEnd(})
Semicolon
QuoteIdent(q)
StringStart(Z)
String(HEllo {} World)
StringEnd(Z)
Semicolon
QuoteIdent(tr)
StringStart({)
String(Hello)
StringEnd(})
StringStart({)
String(World)
StringEnd(})
Semicolon
QuoteIdent(tr)
StringStart({)
String(Hello)
StringEnd(})
StringStart({)
String(World)
StringEnd(})
Semicolon
QuoteIdent(tr)
StringStart({)
String(Hello)
StringEnd(})
StringStart(/)
String(World)
StringEnd(/)
Semicolon
QuoteIdent(tr)
StringStart({)
String(Hello)
StringEnd(})
StringStart(/)
String(World)
StringEnd(/)
Semicolon
QuoteIdent(tr)
StringStart(/)
String(Hello)
StringEnd(/)
String(World)
StringEnd(/)
Semicolon
QuoteIdent(tr)
StringStart({)
String(Hello)
StringEnd(})
Comment(#World)
StringStart({)
String(World)
StringEnd(})
Semicolon
QuoteIdent(tr)
StringStart({)
String(Hello)
StringEnd(})
Comment(#World)
Comment(# World!)
StringStart({)
String(World)
StringEnd(})
Semicolon
QuoteIdent(tr)
StringStart({)
String(Hello)
StringEnd(})
StringStart(<)
String(World)
StringEnd(>)
Semicolon
QuoteIdent(tr)
StringStart({)
String(Hello)
StringEnd(})
StringStart(!)
String(World)
StringEnd(!)
Semicolon
QuoteIdent(s)
StringStart(/)
String(\n    Hello\n    World\n   )
StringEnd(/)
String(\n    Indeed!\n\n)
StringEnd(/)
Semicolon
ScalarVariable($program)
Operator(=~)
QuoteIdent(s)
StringStart({)
String(\n    /\*	# Match the opening delimiter.\n        .*?	# Match a minimal number of characters.\n        \*/	# Match the closing delimiter.\n)
StringEnd(})
StringStart([)
StringEnd(])
StringModifiers(gsx)
Semicolon
QuoteIdent(tr)
StringStart(/)
StringEnd(/)
StringEnd(/)
Semicolon
QuoteIdent(tr)
StringStart({)
StringEnd(})
StringStart([)
StringEnd(])
Semicolon
My
ScalarVariable($x)
Assignment
NumericLiteral(50)
Semicolon
Comment(#)
Sub
SubName(clean_and_trim_subject)
LBracket({)
Deref($)
ScalarVariable($ref)
Operator(=~)
QuoteIdent(s)
StringStart(/)
String(\n.*)
StringEnd(/)
StringEnd(/)
StringModifiers(s)
Semicolon
RBracket
My
ScalarVariable($event_eat)
Assignment
LSquareBracket
QuoteIdent(qw)
StringStart([)
String(head title style layer applet object xml param base)
StringEnd(])
RSquareBracket
Semicolon
My
ScalarVariable($event_remove)
Assignment
LSquareBracket
QuoteIdent(qw)
StringStart([)
String(bgsound embed object link body meta noscript plaintext noframes)
StringEnd(])
RSquareBracket
Semicolon
QuoteIdent(s)
StringStart(W)
String(Hello)
StringEnd(W)
String(orld)
StringEnd(W)
StringModifiers(sdxx)
Semicolon
QuoteIdent(qr)
StringStart(/)
String(Hello)
StringEnd(/)
StringModifiers(xs)
Semicolon
QuoteIdent(m)
StringStart(/)
String(pattern)
StringEnd(/)
StringModifiers(sxx)
Semicolon
QuoteIdent(m)
StringStart({)
String(Pattern)
StringEnd(})
StringModifiers(sxx)
Semicolon
String(/Hello/)
StringModifiers(s)
Semicolon
QuoteIdent(tr)
StringStart(/)
String(hello)
StringEnd(/)
String(world)
StringEnd(/)
StringModifiers(cdsr)
Semicolon
QuoteIdent(y)
StringStart(/)
String(world)
StringEnd(/)
String(helllo)
StringEnd(/)
StringModifiers(cdsr)
Semicolon
QuoteIdent(s)
StringStart(/)
String(PATTERN)
StringEnd(/)
String(REPLACEMENT)
StringEnd(/)
StringModifiers(msixpodualngcer)
Semicolon
QuoteIdent(m)
StringStart(/)
String(PATTERN)
StringEnd(/)
StringModifiers(msixpodualngc)
Semicolon
String(/PATTERN/)
StringModifiers(msixpodualngc)
Semicolon
QuoteIdent(qr)
StringStart(/)
String(STRING)
StringEnd(/)
StringModifiers(msixpodualn)
Semicolon
QuoteIdent(m)
StringStart(/)
String(PATTERN)
StringEnd(/)
StringModifiers(msixpongc)
Semicolon
String(/PATTERN/)
StringModifiers(msixplngc)
Semicolon
QuoteIdent(q)
StringStart({)
String(\)
StringEnd(})
Semicolon
QuoteIdent(q)
StringStart({)
String(\{)
StringEnd(})
Semicolon
QuoteIdent(q)
StringStart({)
String(\})
StringEnd(})
Semicolon
QuoteIdent(s)
Comment(# Test)
Comment(# World)
StringStart({)
String(^([^\r\n]*)You \s+ should \s+ have \s+ received\n    .*? (write \s+ to | contact .*? Foundation)\n)
StringEnd(})
Comment(# Comment!)
Comment(# Comment!)
StringStart({)
String(x)
StringEnd(})
StringModifiers(smix)
Semicolon
Name(say)
QuoteIdent(s)
Comment(#WOrld)
Comment(#Hello)
StringStart({)
String(Hello)
StringEnd(})
StringStart({)
String(World)
StringEnd(})
Semicolon
Name(say)
QuoteIdent(qq)
StringStart(W)
String(Hello)
StringEnd(W)
Semicolon
EndOfInput
